// Jest Snapshot v1, https://goo.gl/fbAQLP

exports[`Header should render properly 1`] = `
"<nav className=\\"jsx-965522161 navbar header\\">
  <h2 className=\\"jsx-965522161 title\\">
    <small className=\\"jsx-965522161\\">
      GitCenter
    </small>
  </h2>
  <JSXStyle id=\\"965522161\\">
    .
    h
    e
    a
    d
    e
    r
    .
    j
    s
    x
    -
    9
    6
    5
    5
    2
    2
    1
    6
    1
    {
    b
    a
    c
    k
    g
    r
    o
    u
    n
    d
    -
    c
    o
    l
    o
    r
    :
    #
    0
    f
    4
    c
    8
    1
    ;
    }
    .
    h
    e
    a
    d
    e
    r
    .
    j
    s
    x
    -
    9
    6
    5
    5
    2
    2
    1
    6
    1
    &gt;
    .
    t
    i
    t
    l
    e
    .
    j
    s
    x
    -
    9
    6
    5
    5
    2
    2
    1
    6
    1
    {
    c
    o
    l
    o
    r
    :
    w
    h
    i
    t
    e
    s
    m
    o
    k
    e
    ;
    }
  </JSXStyle>
</nav>"
`;
