// Jest Snapshot v1, https://goo.gl/fbAQLP

exports[`Header should render properly 1`] = `
"<nav className=\\"jsx-1483795907 navbar header\\">
  <h3 className=\\"jsx-1483795907\\">
    <small className=\\"jsx-1483795907 text-light\\">
      GitCenter
    </small>
  </h3>
  <JSXStyle id=\\"1483795907\\">
    .
    h
    e
    a
    d
    e
    r
    .
    j
    s
    x
    -
    1
    4
    8
    3
    7
    9
    5
    9
    0
    7
    {
    b
    a
    c
    k
    g
    r
    o
    u
    n
    d
    -
    c
    o
    l
    o
    r
    :
    #
    1
    b
    2
    6
    2
    c
    ;
    }
  </JSXStyle>
</nav>"
`;
