// Jest Snapshot v1, https://goo.gl/fbAQLP

exports[`PageLayout should render properly 1`] = `
"<Fragment>
  <Head>
    <title className=\\"jsx-235099215\\">
      title
    </title>
    <meta name=\\"viewport\\" content=\\"initial-scale=1.0, width=device-width\\" className=\\"jsx-235099215\\" />
    <link rel=\\"stylesheet\\" href=\\"https://stackpath.bootstrapcdn.com/bootstrap/4.4.1/css/bootstrap.min.css\\" integrity=\\"sha384-Vkoo8x4CGsO3+Hhxv8T/Q5PaXtkKtu6ug5TOeNV6gBiFeWPGFN9MuhOf23Q9Ifjh\\" crossOrigin=\\"anonymous\\" className=\\"jsx-235099215\\" />
  </Head>
  <div className=\\"jsx-235099215\\">
    <Header />
    <DummyComponent />
    Î
  </div>
  <JSXStyle id=\\"235099215\\">
    h
    t
    m
    l
    ,
    b
    o
    d
    y
    {
    b
    a
    c
    k
    g
    r
    o
    u
    n
    d
    :
    w
    h
    i
    t
    e
    s
    m
    o
    k
    e
    ;
    }
  </JSXStyle>
</Fragment>"
`;
