// Jest Snapshot v1, https://goo.gl/fbAQLP

exports[`Repositories should render properly 1`] = `
"<div className=\\"card mt-2\\">
  <div className=\\"card-body\\">
    <h5 className=\\"card-title\\">
      Repositories
    </h5>
    <ul className=\\"list-group\\">
      <RepositoryListItem name=\\"test\\" />
    </ul>
  </div>
</div>"
`;
