// Jest Snapshot v1, https://goo.gl/fbAQLP

exports[`Repositories should render properly 1`] = `
"<div className=\\"jsx-610830026 card mt-2 repos-container\\">
  <div className=\\"jsx-610830026 card-body\\">
    <h5 className=\\"jsx-610830026 card-title\\">
      Repositories
    </h5>
    <ul className=\\"jsx-610830026\\">
      <li className=\\"jsx-610830026\\">
        First
      </li>
      <li className=\\"jsx-610830026\\">
        Second
      </li>
      <li className=\\"jsx-610830026\\">
        Third
      </li>
      <li className=\\"jsx-610830026\\">
        Fourth
      </li>
    </ul>
  </div>
  <JSXStyle id=\\"610830026\\">
    @
    m
    e
    d
    i
    a
     
    (
    m
    i
    n
    -
    w
    i
    d
    t
    h
    :
    7
    6
    8
    p
    x
    )
    {
    .
    r
    e
    p
    o
    s
    -
    c
    o
    n
    t
    a
    i
    n
    e
    r
    .
    j
    s
    x
    -
    6
    1
    0
    8
    3
    0
    0
    2
    6
    {
    m
    i
    n
    -
    h
    e
    i
    g
    h
    t
    :
    9
    0
    v
    h
    ;
    }
    }
  </JSXStyle>
</div>"
`;
