// Jest Snapshot v1, https://goo.gl/fbAQLP

exports[`Home should render properly 1`] = `
"<div>
  <Header />
  <div className=\\"container-fluid\\">
    <div className=\\"row\\">
      <div className=\\"col-md-7\\">
        <div className=\\"row\\">
          <div className=\\"col-md-12\\">
            <CreateRepository />
          </div>
          <div className=\\"col-md-12\\">
            <AddSSHKey />
          </div>
        </div>
      </div>
      <div className=\\"col-md-5\\">
        <Repositories />
      </div>
    </div>
  </div>
</div>"
`;
